// Jest Snapshot v1, https://goo.gl/fbAQLP

exports[`Test render EditExpense 1`] = `
<div>
  <ExpenseForm
    expense={
      Object {
        "amount": 343656,
        "createdAt": -345600000,
        "description": "Rent",
        "id": "2",
        "note": "arges rger",
      }
    }
    onSubmit={[Function]}
  />
  <button
    onClick={[Function]}
    title="Remove this expense"
  >
    x
  </button>
</div>
`;
